==> Phase 1: Aligning Groups and Hardening Users...
==> Phase 2: Creating and Hardening Service Accounts...
Processing and hardening user account: kk-api
usermod: no changes
Processing and hardening user account: kk-payments
usermod: no changes
Processing and hardening user account: kk-logs
usermod: no changes
==> Phase 2 (Tree): Remediating Directory Tree and Config Exposure...
==> Phase 3: Applying Advanced File Access Control Lists (FACL)...
==> Phase 3: Applying Advanced File Access Control Lists (FACL)...
==> Phase 4: Synchronizing Packages and Tracking Policies...
curl was already not on hold.
Hit:1 https://download.docker.com/linux/ubuntu resolute InRelease
Hit:2 http://security.ubuntu.com/ubuntu resolute-security InRelease
Hit:3 http://archive.ubuntu.com/ubuntu resolute InRelease
Hit:4 https://packages.microsoft.com/repos/code stable InRelease
Hit:5 http://archive.ubuntu.com/ubuntu resolute-updates InRelease
Hit:6 http://archive.ubuntu.com/ubuntu resolute-backports InRelease
Reading package lists...
Reading package lists...
Building dependency tree...
Reading state information...
curl is already the newest version (8.18.0-1ubuntu2.7).
acl is already the newest version (2.3.2-2).
logrotate is already the newest version (3.22.0-1build1).
Solving dependencies...
0 upgraded, 0 newly installed, 0 to remove and 6 not upgraded.
==> Phase 5: Purging and Rebuilding Firewall Baseline...
Backing up 'user.rules' to '/etc/ufw/user.rules.20260928_231823'
Backing up 'before.rules' to '/etc/ufw/before.rules.20260928_231823'
Backing up 'after.rules' to '/etc/ufw/after.rules.20260928_231823'
Backing up 'user6.rules' to '/etc/ufw/user6.rules.20260928_231823'
Backing up 'before6.rules' to '/etc/ufw/before6.rules.20260928_231823'
Backing up 'after6.rules' to '/etc/ufw/after6.rules.20260928_231823'

Default incoming policy changed to 'deny'
(be sure to update your rules accordingly)
Default outgoing policy changed to 'allow'
(be sure to update your rules accordingly)
Rules updated
Rules updated (v6)
Rules updated
Rules updated (v6)
Rules updated
Rules updated
Rules updated
Firewall is active and enabled on system startup
PASS: SSH (22) allowed
PASS: HTTP (80) allowed
PASS: port 3001 external deny present
==> Phase 6: Injecting and Enabling Systemd Unit Files...
[1/3] Creating kk-api.service file...
[2/3] Creating kk-logs.service file...
[3/3] Creating kk-payments.service file...
==> Registering and enabling services with Ubuntu...
==> Phase 7: Journal Persistence and Log Rotation Configuration...
==> Phase 8: Monitoring Health Checks...
==> Running Final Verification Phase...
[PASS] Phase 1: User & Group Hardening
[PASS] Phase 2: Directory Tree Remediation
